[2026-01-28 20:07:23.233] [info] Using configuration file /home/matx/.config/waybar/config
[2026-01-28 20:07:23.235] [info] Using CSS file /home/matx/.config/waybar/style.css
[2026-01-28 20:07:23.238] [info] Hyprland IPC starting
[2026-01-28 20:07:23.238] [info] Loading persistent workspaces from Waybar config
[2026-01-28 20:07:23.238] [info] Loading persistent workspaces from Hyprland workspace rules
[2026-01-28 20:07:23.358] [info] Bar configured (width: 2048, height: 30) for output: HDMI-A-1

(waybar:201635): LIBDBUSMENU-GLIB-WARNING **: 20:07:27.589: Unable to replace properties on 0: Error getting properties for ID
[2026-01-28 20:07:48.521] [info] Using configuration file /home/matx/.config/waybar/config
[2026-01-28 20:07:48.522] [info] Using CSS file /home/matx/.config/waybar/style.css
[2026-01-28 20:07:48.525] [info] Hyprland IPC starting
[2026-01-28 20:07:48.526] [info] Loading persistent workspaces from Waybar config
[2026-01-28 20:07:48.526] [info] Loading persistent workspaces from Hyprland workspace rules
[2026-01-28 20:07:48.645] [info] Bar configured (width: 2048, height: 30) for output: HDMI-A-1
Gdk-Message: 20:07:50.999: Unable to load hand2 from the cursor theme
Gdk-Message: 20:07:52.046: Unable to load arrow from the cursor theme
Gdk-Message: 20:07:53.246: Unable to load hand2 from the cursor theme
Gdk-Message: 20:07:56.494: Unable to load arrow from the cursor theme

(waybar:201986): LIBDBUSMENU-GLIB-WARNING **: 20:08:12.031: Unable to replace properties on 0: Error getting properties for ID

(waybar:201986): LIBDBUSMENU-GLIB-WARNING **: 20:08:27.751: Unable to replace properties on 0: Error getting properties for ID

(waybar:201986): LIBDBUSMENU-GLIB-WARNING **: 20:09:09.401: Unable to replace properties on 0: Error getting properties for ID

(waybar:201986): LIBDBUSMENU-GLIB-WARNING **: 20:09:27.625: Unable to replace properties on 0: Error getting properties for ID

(waybar:201986): LIBDBUSMENU-GLIB-WARNING **: 20:10:08.073: Unable to replace properties on 0: Error getting properties for ID

(waybar:201986): LIBDBUSMENU-GLIB-WARNING **: 20:10:08.172: Unable to replace properties on 0: Error getting properties for ID
[2026-01-28 20:20:06.843] [info] Hyprland config reloaded, reinitializing hyprland/workspaces module...
[2026-01-28 20:20:06.847] [info] Loading persistent workspaces from Waybar config
[2026-01-28 20:20:06.848] [info] Loading persistent workspaces from Hyprland workspace rules
[2026-01-28 21:06:49.379] [info] Hyprland config reloaded, reinitializing hyprland/workspaces module...
[2026-01-28 21:06:49.398] [info] Loading persistent workspaces from Waybar config
[2026-01-28 21:06:49.399] [info] Loading persistent workspaces from Hyprland workspace rules
[2026-01-28 21:06:53.739] [info] Using configuration file /home/matx/.config/waybar/config
[2026-01-28 21:06:53.741] [info] Using CSS file /home/matx/.config/waybar/style.css
[2026-01-28 21:06:53.745] [info] Hyprland IPC starting
[2026-01-28 21:06:53.745] [info] Loading persistent workspaces from Waybar config
[2026-01-28 21:06:53.745] [info] Loading persistent workspaces from Hyprland workspace rules
[2026-01-28 21:06:53.866] [info] Bar configured (width: 2048, height: 30) for output: HDMI-A-1
[2026-01-28 21:07:06.091] [info] Hyprland config reloaded, reinitializing hyprland/workspaces module...
[2026-01-28 21:07:06.111] [info] Loading persistent workspaces from Waybar config
[2026-01-28 21:07:06.112] [info] Loading persistent workspaces from Hyprland workspace rules
[2026-01-28 21:07:07.359] [info] Using configuration file /home/matx/.config/waybar/config
[2026-01-28 21:07:07.360] [info] Using CSS file /home/matx/.config/waybar/style.css
[2026-01-28 21:07:07.364] [error] style.css:8:21Junk at end of value for background
[2026-01-28 21:07:43.068] [info] Using configuration file /home/matx/.config/waybar/config
[2026-01-28 21:07:43.069] [info] Using CSS file /home/matx/.config/waybar/style.css
[2026-01-28 21:07:43.072] [info] Hyprland IPC starting
[2026-01-28 21:07:43.073] [info] Loading persistent workspaces from Waybar config
[2026-01-28 21:07:43.073] [info] Loading persistent workspaces from Hyprland workspace rules
[2026-01-28 21:07:43.216] [info] Bar configured (width: 2048, height: 30) for output: HDMI-A-1

** (waybar:223764): WARNING **: 21:08:14.638: Status Notifier Item with bus name ':1.198' and object path '/org/ayatana/NotificationItem/spotify_client' is already registered

** (waybar:223764): WARNING **: 21:08:14.638: Status Notifier Host with bus name ':1.541' and object path '/StatusNotifierHost/0' is already registered
[2026-01-28 21:08:17.130] [info] Hyprland config reloaded, reinitializing hyprland/workspaces module...
[2026-01-28 21:08:17.151] [info] Loading persistent workspaces from Waybar config
[2026-01-28 21:08:17.151] [info] Loading persistent workspaces from Hyprland workspace rules
[2026-01-28 21:08:19.323] [info] Using configuration file /home/matx/.config/waybar/config
[2026-01-28 21:08:19.324] [info] Using CSS file /home/matx/.config/waybar/style.css
[2026-01-28 21:08:19.324] [error] style.css:10:15'l' is not a valid unit.
[2026-01-28 21:08:32.310] [info] Using configuration file /home/matx/.config/waybar/config
[2026-01-28 21:08:32.312] [info] Using CSS file /home/matx/.config/waybar/style.css
[2026-01-28 21:08:32.312] [error] style.css:10:15'l' is not a valid unit.
[2026-01-28 21:08:37.798] [info] Using configuration file /home/matx/.config/waybar/config
[2026-01-28 21:08:37.799] [info] Using CSS file /home/matx/.config/waybar/style.css
[2026-01-28 21:08:37.799] [error] style.css:10:15'l' is not a valid unit.
[2026-01-28 21:57:23.056] [info] Using configuration file /home/matx/.config/waybar/config
[2026-01-28 21:57:23.066] [info] Using CSS file /home/matx/.config/waybar/style.css
[2026-01-28 21:57:23.099] [info] Hyprland IPC starting
[2026-01-28 21:57:23.101] [info] Loading persistent workspaces from Waybar config
[2026-01-28 21:57:23.102] [info] Loading persistent workspaces from Hyprland workspace rules
[2026-01-28 21:57:23.227] [warning] Requested height: 30 is less than the minimum height: 34 required by the modules
[2026-01-28 21:57:23.227] [info] Bar configured (width: 2048, height: 34) for output: HDMI-A-1
[2026-01-28 21:57:24.473] [info] Quitting.
[2026-01-28 21:57:24.475] [info] Hyprland IPC stopping...
[2026-01-28 21:57:26.986] [info] Using configuration file /home/matx/.config/waybar/config
[2026-01-28 21:57:26.988] [info] Using CSS file /home/matx/.config/waybar/style.css
[2026-01-28 21:57:26.991] [info] Hyprland IPC starting
[2026-01-28 21:57:26.992] [info] Loading persistent workspaces from Waybar config
[2026-01-28 21:57:26.992] [info] Loading persistent workspaces from Hyprland workspace rules
[2026-01-28 21:57:27.113] [warning] Requested height: 30 is less than the minimum height: 34 required by the modules
[2026-01-28 21:57:27.113] [info] Bar configured (width: 2048, height: 34) for output: HDMI-A-1
[2026-01-28 21:58:48.108] [info] Hyprland config reloaded, reinitializing hyprland/workspaces module...
[2026-01-28 21:58:48.129] [info] Loading persistent workspaces from Waybar config
[2026-01-28 21:58:48.129] [info] Loading persistent workspaces from Hyprland workspace rules
[2026-01-28 21:59:18.401] [info] Hyprland config reloaded, reinitializing hyprland/workspaces module...
[2026-01-28 21:59:18.427] [info] Loading persistent workspaces from Waybar config
[2026-01-28 21:59:18.427] [info] Loading persistent workspaces from Hyprland workspace rules
[2026-01-28 22:01:54.827] [info] Hyprland config reloaded, reinitializing hyprland/workspaces module...
[2026-01-28 22:01:54.852] [info] Loading persistent workspaces from Waybar config
[2026-01-28 22:01:54.852] [info] Loading persistent workspaces from Hyprland workspace rules
[2026-01-28 22:03:17.207] [info] Hyprland config reloaded, reinitializing hyprland/workspaces module...
[2026-01-28 22:03:17.256] [info] Loading persistent workspaces from Waybar config
[2026-01-28 22:03:17.257] [info] Loading persistent workspaces from Hyprland workspace rules
[2026-01-28 22:09:42.704] [info] Hyprland config reloaded, reinitializing hyprland/workspaces module...
[2026-01-28 22:09:42.792] [info] Loading persistent workspaces from Waybar config
[2026-01-28 22:09:42.793] [info] Loading persistent workspaces from Hyprland workspace rules
[2026-01-28 22:11:02.082] [info] Hyprland config reloaded, reinitializing hyprland/workspaces module...
[2026-01-28 22:11:02.093] [info] Loading persistent workspaces from Waybar config
[2026-01-28 22:11:02.093] [info] Loading persistent workspaces from Hyprland workspace rules
[2026-01-28 22:11:43.406] [info] Hyprland config reloaded, reinitializing hyprland/workspaces module...
[2026-01-28 22:11:43.465] [info] Loading persistent workspaces from Waybar config
[2026-01-28 22:11:43.465] [info] Loading persistent workspaces from Hyprland workspace rules
[2026-01-28 22:12:53.750] [info] Hyprland config reloaded, reinitializing hyprland/workspaces module...
[2026-01-28 22:12:53.765] [info] Loading persistent workspaces from Waybar config
[2026-01-28 22:12:53.765] [info] Loading persistent workspaces from Hyprland workspace rules
[2026-01-28 22:13:22.518] [info] Hyprland config reloaded, reinitializing hyprland/workspaces module...
[2026-01-28 22:13:22.580] [info] Loading persistent workspaces from Waybar config
[2026-01-28 22:13:22.580] [info] Loading persistent workspaces from Hyprland workspace rules
[2026-01-28 22:13:45.482] [info] Hyprland config reloaded, reinitializing hyprland/workspaces module...
[2026-01-28 22:13:45.649] [info] Loading persistent workspaces from Waybar config
[2026-01-28 22:13:45.649] [info] Loading persistent workspaces from Hyprland workspace rules
[2026-01-28 22:33:15.685] [info] Hyprland config reloaded, reinitializing hyprland/workspaces module...
[2026-01-28 22:33:15.749] [info] Loading persistent workspaces from Waybar config
[2026-01-28 22:33:15.749] [info] Loading persistent workspaces from Hyprland workspace rules
[2026-01-28 22:37:22.244] [info] Using configuration file /home/matx/.config/waybar/config
[2026-01-28 22:37:22.246] [info] Using CSS file /home/matx/.config/waybar/style.css
[2026-01-28 22:37:22.249] [info] Hyprland IPC starting
[2026-01-28 22:37:22.249] [info] Loading persistent workspaces from Waybar config
[2026-01-28 22:37:22.249] [info] Loading persistent workspaces from Hyprland workspace rules
[2026-01-28 22:37:22.367] [info] Bar configured (width: 2048, height: 30) for output: HDMI-A-1
[2026-01-28 22:38:57.430] [info] Hyprland config reloaded, reinitializing hyprland/workspaces module...
[2026-01-28 22:38:57.498] [info] Loading persistent workspaces from Waybar config
[2026-01-28 22:38:57.498] [info] Loading persistent workspaces from Hyprland workspace rules
